Archive member included to satisfy reference by file (symbol)

C:/ST/STM32CubeIDE_1.16.1/STM32CubeIDE/plugins/com.st.stm32cube.ide.mcu.externaltools.gnu-tools-for-stm32.13.3.rel1.win32_1.0.0.202411081344/tools/bin/../lib/gcc/arm-none-eabi/13.3.1/../../../../arm-none-eabi/lib/thumb/v7e-m+fp/hard\libc_nano.a(libc_a-exit.o)
                              C:/ST/STM32CubeIDE_1.16.1/STM32CubeIDE/plugins/com.st.stm32cube.ide.mcu.externaltools.gnu-tools-for-stm32.13.3.rel1.win32_1.0.0.202411081344/tools/bin/../lib/gcc/arm-none-eabi/13.3.1/../../../../arm-none-eabi/lib/thumb/v7e-m+fp/hard/crt0.o (exit)
C:/ST/STM32CubeIDE_1.16.1/STM32CubeIDE/plugins/com.st.stm32cube.ide.mcu.externaltools.gnu-tools-for-stm32.13.3.rel1.win32_1.0.0.202411081344/tools/bin/../lib/gcc/arm-none-eabi/13.3.1/../../../../arm-none-eabi/lib/thumb/v7e-m+fp/hard\libc_nano.a(libc_a-findfp.o)
                              C:/ST/STM32CubeIDE_1.16.1/STM32CubeIDE/plugins/com.st.stm32cube.ide.mcu.externaltools.gnu-tools-for-stm32.13.3.rel1.win32_1.0.0.202411081344/tools/bin/../lib/gcc/arm-none-eabi/13.3.1/../../../../arm-none-eabi/lib/thumb/v7e-m+fp/hard\libc_nano.a(libc_a-exit.o) (__stdio_exit_handler)
C:/ST/STM32CubeIDE_1.16.1/STM32CubeIDE/plugins/com.st.stm32cube.ide.mcu.externaltools.gnu-tools-for-stm32.13.3.rel1.win32_1.0.0.202411081344/tools/bin/../lib/gcc/arm-none-eabi/13.3.1/../../../../arm-none-eabi/lib/thumb/v7e-m+fp/hard\libc_nano.a(libc_a-fwalk.o)
                              C:/ST/STM32CubeIDE_1.16.1/STM32CubeIDE/plugins/com.st.stm32cube.ide.mcu.externaltools.gnu-tools-for-stm32.13.3.rel1.win32_1.0.0.202411081344/tools/bin/../lib/gcc/arm-none-eabi/13.3.1/../../../../arm-none-eabi/lib/thumb/v7e-m+fp/hard\libc_nano.a(libc_a-findfp.o) (_fwalk_sglue)
C:/ST/STM32CubeIDE_1.16.1/STM32CubeIDE/plugins/com.st.stm32cube.ide.mcu.externaltools.gnu-tools-for-stm32.13.3.rel1.win32_1.0.0.202411081344/tools/bin/../lib/gcc/arm-none-eabi/13.3.1/../../../../arm-none-eabi/lib/thumb/v7e-m+fp/hard\libc_nano.a(libc_a-stdio.o)
                              C:/ST/STM32CubeIDE_1.16.1/STM32CubeIDE/plugins/com.st.stm32cube.ide.mcu.externaltools.gnu-tools-for-stm32.13.3.rel1.win32_1.0.0.202411081344/tools/bin/../lib/gcc/arm-none-eabi/13.3.1/../../../../arm-none-eabi/lib/thumb/v7e-m+fp/hard\libc_nano.a(libc_a-findfp.o) (__sread)
C:/ST/STM32CubeIDE_1.16.1/STM32CubeIDE/plugins/com.st.stm32cube.ide.mcu.externaltools.gnu-tools-for-stm32.13.3.rel1.win32_1.0.0.202411081344/tools/bin/../lib/gcc/arm-none-eabi/13.3.1/../../../../arm-none-eabi/lib/thumb/v7e-m+fp/hard\libc_nano.a(libc_a-memset.o)
                              C:/ST/STM32CubeIDE_1.16.1/STM32CubeIDE/plugins/com.st.stm32cube.ide.mcu.externaltools.gnu-tools-for-stm32.13.3.rel1.win32_1.0.0.202411081344/tools/bin/../lib/gcc/arm-none-eabi/13.3.1/../../../../arm-none-eabi/lib/thumb/v7e-m+fp/hard/crt0.o (memset)
C:/ST/STM32CubeIDE_1.16.1/STM32CubeIDE/plugins/com.st.stm32cube.ide.mcu.externaltools.gnu-tools-for-stm32.13.3.rel1.win32_1.0.0.202411081344/tools/bin/../lib/gcc/arm-none-eabi/13.3.1/../../../../arm-none-eabi/lib/thumb/v7e-m+fp/hard\libc_nano.a(libc_a-closer.o)
                              C:/ST/STM32CubeIDE_1.16.1/STM32CubeIDE/plugins/com.st.stm32cube.ide.mcu.externaltools.gnu-tools-for-stm32.13.3.rel1.win32_1.0.0.202411081344/tools/bin/../lib/gcc/arm-none-eabi/13.3.1/../../../../arm-none-eabi/lib/thumb/v7e-m+fp/hard\libc_nano.a(libc_a-stdio.o) (_close_r)
C:/ST/STM32CubeIDE_1.16.1/STM32CubeIDE/plugins/com.st.stm32cube.ide.mcu.externaltools.gnu-tools-for-stm32.13.3.rel1.win32_1.0.0.202411081344/tools/bin/../lib/gcc/arm-none-eabi/13.3.1/../../../../arm-none-eabi/lib/thumb/v7e-m+fp/hard\libc_nano.a(libc_a-reent.o)
                              C:/ST/STM32CubeIDE_1.16.1/STM32CubeIDE/plugins/com.st.stm32cube.ide.mcu.externaltools.gnu-tools-for-stm32.13.3.rel1.win32_1.0.0.202411081344/tools/bin/../lib/gcc/arm-none-eabi/13.3.1/../../../../arm-none-eabi/lib/thumb/v7e-m+fp/hard\libc_nano.a(libc_a-closer.o) (errno)
C:/ST/STM32CubeIDE_1.16.1/STM32CubeIDE/plugins/com.st.stm32cube.ide.mcu.externaltools.gnu-tools-for-stm32.13.3.rel1.win32_1.0.0.202411081344/tools/bin/../lib/gcc/arm-none-eabi/13.3.1/../../../../arm-none-eabi/lib/thumb/v7e-m+fp/hard\libc_nano.a(libc_a-impure.o)
                              C:/ST/STM32CubeIDE_1.16.1/STM32CubeIDE/plugins/com.st.stm32cube.ide.mcu.externaltools.gnu-tools-for-stm32.13.3.rel1.win32_1.0.0.202411081344/tools/bin/../lib/gcc/arm-none-eabi/13.3.1/../../../../arm-none-eabi/lib/thumb/v7e-m+fp/hard\libc_nano.a(libc_a-reent.o) (_impure_ptr)
C:/ST/STM32CubeIDE_1.16.1/STM32CubeIDE/plugins/com.st.stm32cube.ide.mcu.externaltools.gnu-tools-for-stm32.13.3.rel1.win32_1.0.0.202411081344/tools/bin/../lib/gcc/arm-none-eabi/13.3.1/../../../../arm-none-eabi/lib/thumb/v7e-m+fp/hard\libc_nano.a(libc_a-lseekr.o)
[...]
Memory Configuration

Name             Origin             Length             Attributes
FLASH            0x08000000         0x00080000         xr
RAM              0x20000008         0x0002fff8         xrw
RAM_SHARED       0x20030000         0x00002800         xrw
*default*        0x00000000         0xffffffff

Linker script and memory map

LOAD C:/ST/STM32CubeIDE_1.16.1/STM32CubeIDE/plugins/com.st.stm32cube.ide.mcu.externaltools.gnu-tools-for-stm32.13.3.rel1.win32_1.0.0.202411081344/tools/bin/../lib/gcc/arm-none-eabi/13.3.1/thumb/v7e-m+fp/hard/crti.o
LOAD C:/ST/STM32CubeIDE_1.16.1/STM32CubeIDE/plugins/com.st.stm32cube.ide.mcu.externaltools.gnu-tools-for-stm32.13.3.rel1.win32_1.0.0.202411081344/tools/bin/../lib/gcc/arm-none-eabi/13.3.1/thumb/v7e-m+fp/hard/crtbegin.o
LOAD C:/ST/STM32CubeIDE_1.16.1/STM32CubeIDE/plugins/com.st.stm32cube.ide.mcu.externaltools.gnu-tools-for-stm32.13.3.rel1.win32_1.0.0.202411081344/tools/bin/../lib/gcc/arm-none-eabi/13.3.1/../../../../arm-none-eabi/lib/thumb/v7e-m+fp/hard/crt0.o
LOAD ./Core/Src/PMW3610DM-SUDU.o
LOAD ./Core/Src/main.o
LOAD ./Core/Src/stm32wbxx_hal_msp.o
LOAD ./Core/Src/stm32wbxx_it.o
LOAD ./Core/Src/syscalls.o
LOAD ./Core/Src/sysmem.o
LOAD ./Core/Src/system_stm32wbxx.o
LOAD ./Core/Startup/startup_stm32wb55rgvx.o
LOAD ./Drivers/STM32WBxx_HAL_Driver/Src/stm32wbxx_hal.o
LOAD ./Drivers/STM32WBxx_HAL_Driver/Src/stm32wbxx_hal_cortex.o
LOAD ./Drivers/STM32WBxx_HAL_Driver/Src/stm32wbxx_hal_dma.o
LOAD ./Drivers/STM32WBxx_HAL_Driver/Src/stm32wbxx_hal_dma_ex.o
LOAD ./Drivers/STM32WBxx_HAL_Driver/Src/stm32wbxx_hal_exti.o
LOAD ./Drivers/STM32WBxx_HAL_Driver/Src/stm32wbxx_hal_flash.o
LOAD ./Drivers/STM32WBxx_HAL_Driver/Src/stm32wbxx_hal_flash_ex.o
LOAD ./Drivers/STM32WBxx_HAL_Driver/Src/stm32wbxx_hal_gpio.o
LOAD ./Drivers/STM32WBxx_HAL_Driver/Src/stm32wbxx_hal_hsem.o
LOAD ./Drivers/STM32WBxx_HAL_Driver/Src/stm32wbxx_hal_pwr.o
LOAD ./Drivers/STM32WBxx_HAL_Driver/Src/stm32wbxx_hal_pwr_ex.o
LOAD ./Drivers/STM32WBxx_HAL_Driver/Src/stm32wbxx_hal_rcc.o
LOAD ./Drivers/STM32WBxx_HAL_Driver/Src/stm32wbxx_hal_rcc_ex.o
LOAD ./Drivers/STM32WBxx_HAL_Driver/Src/stm32wbxx_hal_spi.o
LOAD ./Drivers/STM32WBxx_HAL_Driver/Src/stm32wbxx_hal_spi_ex.o
LOAD ./Drivers/STM32WBxx_HAL_Driver/Src/stm32wbxx_hal_uart.o
LOAD ./Drivers/STM32WBxx_HAL_Driver/Src/stm32wbxx_hal_uart_ex.o
LOAD ./Drivers/STM32WBxx_HAL_Driver/Src/stm32wbxx_ll_rcc.o
START GROUP
LOAD C:/ST/STM32CubeIDE_1.16.1/STM32CubeIDE/plugins/com.st.stm32cube.ide.mcu.externaltools.gnu-tools-for-stm32.13.3.rel1.win32_1.0.0.202411081344/tools/bin/../lib/gcc/arm-none-eabi/13.3.1/../../../../arm-none-eabi/lib/thumb/v7e-m+fp/hard\libc_nano.a
LOAD C:/ST/STM32CubeIDE_1.16.1/STM32CubeIDE/plugins/com.st.stm32cube.ide.mcu.externaltools.gnu-tools-for-stm32.13.3.rel1.win32_1.0.0.202411081344/tools/bin/../lib/gcc/arm-none-eabi/13.3.1/../../../../arm-none-eabi/lib/thumb/v7e-m+fp/hard\libm.a
END GROUP
START GROUP
LOAD C:/ST/STM32CubeIDE_1.16.1/STM32CubeIDE/plugins/com.st.stm32cube.ide.mcu.externaltools.gnu-tools-for-stm32.13.3.rel1.win32_1.0.0.202411081344/tools/bin/../lib/gcc/arm-none-eabi/13.3.1/thumb/v7e-m+fp/hard\libgcc.a
LOAD C:/ST/STM32CubeIDE_1.16.1/STM32CubeIDE/plugins/com.st.stm32cube.ide.mcu.externaltools.gnu-tools-for-stm32.13.3.rel1.win32_1.0.0.202411081344/tools/bin/../lib/gcc/arm-none-eabi/13.3.1/../../../../arm-none-eabi/lib/thumb/v7e-m+fp/hard\libc_nano.a
END GROUP
START GROUP
LOAD C:/ST/STM32CubeIDE_1.16.1/STM32CubeIDE/plugins/com.st.stm32cube.ide.mcu.externaltools.gnu-tools-for-stm32.13.3.rel1.win32_1.0.0.202411081344/tools/bin/../lib/gcc/arm-none-eabi/13.3.1/thumb/v7e-m+fp/hard\libgcc.a
LOAD C:/ST/STM32CubeIDE_1.16.1/STM32CubeIDE/plugins/com.st.stm32cube.ide.mcu.externaltools.gnu-tools-for-stm32.13.3.rel1.win32_1.0.0.202411081344/tools/bin/../lib/gcc/arm-none-eabi/13.3.1/../../../../arm-none-eabi/lib/thumb/v7e-m+fp/hard\libc_nano.a
LOAD C:/ST/STM32CubeIDE_1.16.1/STM32CubeIDE/plugins/com.st.stm32cube.ide.mcu.externaltools.gnu-tools-for-stm32.13.3.rel1.win32_1.0.0.202411081344/tools/bin/../lib/gcc/arm-none-eabi/13.3.1/../../../../arm-none-eabi/lib/thumb/v7e-m+fp/hard\libnosys.a
END GROUP
START GROUP
LOAD C:/ST/STM32CubeIDE_1.16.1/STM32CubeIDE/plugins/com.st.stm32cube.ide.mcu.externaltools.gnu-tools-for-stm32.13.3.rel1.win32_1.0.0.202411081344/tools/bin/../lib/gcc/arm-none-eabi/13.3.1/thumb/v7e-m+fp/hard\libgcc.a
LOAD C:/ST/STM32CubeIDE_1.16.1/STM32CubeIDE/plugins/com.st.stm32cube.ide.mcu.externaltools.gnu-tools-for-stm32.13.3.rel1.win32_1.0.0.202411081344/tools/bin/../lib/gcc/arm-none-eabi/13.3.1/../../../../arm-none-eabi/lib/thumb/v7e-m+fp/hard\libc_nano.a
LOAD C:/ST/STM32CubeIDE_1.16.1/STM32CubeIDE/plugins/com.st.stm32cube.ide.mcu.externaltools.gnu-tools-for-stm32.13.3.rel1.win32_1.0.0.202411081344/tools/bin/../lib/gcc/arm-none-eabi/13.3.1/../../../../arm-none-eabi/lib/thumb/v7e-m+fp/hard\libnosys.a
END GROUP
LOAD C:/ST/STM32CubeIDE_1.16.1/STM32CubeIDE/plugins/com.st.stm32cube.ide.mcu.externaltools.gnu-tools-for-stm32.13.3.rel1.win32_1.0.0.202411081344/tools/bin/../lib/gcc/arm-none-eabi/13.3.1/thumb/v7e-m+fp/hard/crtend.o
LOAD C:/ST/STM32CubeIDE_1.16.1/STM32CubeIDE/plugins/com.st.stm32cube.ide.mcu.externaltools.gnu-tools-for-stm32.13.3.rel1.win32_1.0.0.202411081344/tools/bin/../lib/gcc/arm-none-eabi/13.3.1/thumb/v7e-m+fp/hard/crtn.o
                0x20030000                        _estack = (ORIGIN (RAM) + LENGTH (RAM))
                0x00000200                        _Min_Heap_Size = 0x200
                0x00000400                        _Min_Stack_Size = 0x400

.isr_vector     0x08000000      0x13c
                0x08000000                        . = ALIGN (0x4)
 *(.isr_vector)
 .isr_vector    0x08000000      0x13c ./Core/Startup/startup_stm32wb55rgvx.o
                0x08000000                g_pfnVectors
                0x0800013c                        . = ALIGN (0x4)

.text           0x0800013c     0x3f74
                0x0800013c                        . = ALIGN (0x4)
 *(.text)
 .text          0x0800013c       0x40 C:/ST/STM32CubeIDE_1.16.1/STM32CubeIDE/plugins/com.st.stm32cube.ide.mcu.externaltools.gnu-tools-for-stm32.13.3.rel1.win32_1.0.0.202411081344/tools/bin/../lib/gcc/arm-none-eabi/13.3.1/thumb/v7e-m+fp/hard/crtbegin.o
 .text          0x0800017c       0x30 C:/ST/STM32CubeIDE_1.16.1/STM32CubeIDE/plugins/com.st.stm32cube.ide.mcu.externaltools.gnu-tools-for-stm32.13.3.rel1.win32_1.0.0.202411081344/tools/bin/../lib/gcc/arm-none-eabi/13.3.1/thumb/v7e-m+fp/hard\libgcc.a(_aeabi_uldivmod.o)
                0x0800017c                __aeabi_uldivmod
 .text          0x080001ac      0x2f8 C:/ST/STM32CubeIDE_1.16.1/STM32CubeIDE/plugins/com.st.stm32cube.ide.mcu.externaltools.gnu-tools-for-stm32.13.3.rel1.win32_1.0.0.202411081344/tools/bin/../lib/gcc/arm-none-eabi/13.3.1/thumb/v7e-m+fp/hard\libgcc.a(_udivmoddi4.o)
                0x080001ac                __udivmoddi4
 .text          0x080004a4        0x4 C:/ST/STM32CubeIDE_1.16.1/STM32CubeIDE/plugins/com.st.stm32cube.ide.mcu.externaltools.gnu-tools-for-stm32.13.3.rel1.win32_1.0.0.202411081344/tools/bin/../lib/gcc/arm-none-eabi/13.3.1/thumb/v7e-m+fp/hard\libgcc.a(_dvmd_tls.o)
                0x080004a4                __aeabi_idiv0
                0x080004a4                __aeabi_ldiv0
 *(.text*)
 .text.PMW3610DM_CS_Select
                0x080004a8       0x20 ./Core/Src/PMW3610DM-SUDU.o
                0x080004a8                PMW3610DM_CS_Select
 .text.PMW3610DM_CS_Deselect
                0x080004c8       0x20 ./Core/Src/PMW3610DM-SUDU.o
                0x080004c8                PMW3610DM_CS_Deselect
 .text.PMW3610DM_WriteReg
                0x080004e8       0x44 ./Core/Src/PMW3610DM-SUDU.o
                0x080004e8                PMW3610DM_WriteReg
 .text.PMW3610DM_Init
                0x0800052c       0x60 ./Core/Src/PMW3610DM-SUDU.o
                0x0800052c                PMW3610DM_Init
 .text.LL_AHB2_GRP1_EnableClock
                0x0800058c       0x32 ./Core/Src/main.o
 *fill*         0x080005be        0x2 
 .text.main     0x080005c0       0x84 ./Core/Src/main.o
                0x080005c0                main
 .text.SystemClock_Config
                0x08000644       0xb8 ./Core/Src/main.o
                0x08000644                SystemClock_Config
 .text.PeriphCommonClock_Config
                0x080006fc       0x3a ./Core/Src/main.o
                0x080006fc                PeriphCommonClock_Config
 *fill*         0x08000736        0x2 
 .text.MX_SPI1_Init
                0x08000738       0x7c ./Core/Src/main.o
 .text.MX_USART1_UART_Init
                0x080007b4       0x98 ./Core/Src/main.o
 .text.MX_GPIO_Init
                0x0800084c       0xdc ./Core/Src/main.o
 .text.Error_Handler
                0x08000928        0xc ./Core/Src/main.o
                0x08000928                Error_Handler
 .text.LL_AHB2_GRP1_EnableClock
                0x08000934       0x32 ./Core/Src/stm32wbxx_hal_msp.o
 .text.LL_APB2_GRP1_EnableClock
                0x08000966       0x32 ./Core/Src/stm32wbxx_hal_msp.o
 .text.HAL_MspInit
                0x08000998        0xe ./Core/Src/stm32wbxx_hal_msp.o
                0x08000998                HAL_MspInit
 *fill*         0x080009a6        0x2 
 .text.HAL_SPI_MspInit
                0x080009a8       0x60 ./Core/Src/stm32wbxx_hal_msp.o
                0x080009a8                HAL_SPI_MspInit
 .text.HAL_UART_MspInit
                0x08000a08       0x8c ./Core/Src/stm32wbxx_hal_msp.o
                0x08000a08                HAL_UART_MspInit
 .text.NMI_Handler
                0x08000a94        0x8 ./Core/Src/stm32wbxx_it.o
                0x08000a94                NMI_Handler
 .text.HardFault_Handler
                0x08000a9c        0x8 ./Core/Src/stm32wbxx_it.o
                0x08000a9c                HardFault_Handler
 .text.MemManage_Handler
                0x08000aa4        0x8 ./Core/Src/stm32wbxx_it.o
                0x08000aa4                MemManage_Handler
 .text.BusFault_Handler
                0x08000aac        0x8 ./Core/Src/stm32wbxx_it.o
                0x08000aac                BusFault_Handler
 .text.UsageFault_Handler
                0x08000ab4        0x8 ./Core/Src/stm32wbxx_it.o
                0x08000ab4                UsageFault_Handler
 .text.SVC_Handler
                0x08000abc        0xe ./Core/Src/stm32wbxx_it.o
                0x08000abc                SVC_Handler
 .text.DebugMon_Handler
                0x08000aca        0xe ./Core/Src/stm32wbxx_it.o
                0x08000aca                DebugMon_Handler
 .text.PendSV_Handler
                0x08000ad8        0xe ./Core/Src/stm32wbxx_it.o
                0x08000ad8                PendSV_Handler
 .text.SysTick_Handler
                0x08000ae6        0xc ./Core/Src/stm32wbxx_it.o
                0x08000ae6                SysTick_Handler
 *fill*         0x08000af2        0x2 
 .text.SystemInit
                0x08000af4       0xa4 ./Core/Src/system_stm32wbxx.o
                0x08000af4                SystemInit
 .text.data_initializers
                0x08000b98       0x18 ./Core/Startup/startup_stm32wb55rgvx.o
 .text.Reset_Handler
                0x08000bb0       0x58 ./Core/Startup/startup_stm32wb55rgvx.o
                0x08000bb0                Reset_Handler
 .text.Default_Handler
                0x08000c08        0x2 ./Core/Startup/startup_stm32wb55rgvx.o
                0x08000c08                RTC_Alarm_IRQHandler
                0x08000c08                EXTI2_IRQHandler
                0x08000c08                TIM1_CC_IRQHandler
                0x08000c08                TSC_IRQHandler
                0x08000c08                USB_HP_IRQHandler
                0x08000c08                EXTI3_IRQHandler
                0x08000c08                LPTIM2_IRQHandler
                0x08000c08                I2C3_ER_IRQHandler
                0x08000c08                EXTI0_IRQHandler
                0x08000c08                FPU_IRQHandler
                0x08000c08                TIM1_UP_TIM16_IRQHandler
                0x08000c08                AES1_IRQHandler
                0x08000c08                SPI1_IRQHandler
                0x08000c08                PWR_SOTF_BLEACT_802ACT_RFPHASE_IRQHandler
                0x08000c08                DMA2_Channel2_IRQHandler
                0x08000c08                DMA1_Channel4_IRQHandler
                0x08000c08                ADC1_IRQHandler
                0x08000c08                PKA_IRQHandler
                0x08000c08                DMA1_Channel7_IRQHandler
                0x08000c08                LCD_IRQHandler
                0x08000c08                IPCC_C1_TX_IRQHandler
                0x08000c08                DMA2_Channel1_IRQHandler
                0x08000c08                QUADSPI_IRQHandler
                0x08000c08                I2C1_EV_IRQHandler
                0x08000c08                DMAMUX1_OVR_IRQHandler
                0x08000c08                DMA1_Channel6_IRQHandler
                0x08000c08                DMA2_Channel4_IRQHandler
                0x08000c08                RCC_IRQHandler
                0x08000c08                DMA1_Channel1_IRQHandler
                0x08000c08                Default_Handler
                0x08000c08                DMA2_Channel7_IRQHandler
                0x08000c08                EXTI15_10_IRQHandler
                0x08000c08                IPCC_C1_RX_IRQHandler
                0x08000c08                C2SEV_PWR_C2H_IRQHandler
                0x08000c08                AES2_IRQHandler
                0x08000c08                I2C3_EV_IRQHandler
                0x08000c08                EXTI9_5_IRQHandler
                0x08000c08                RTC_WKUP_IRQHandler
                0x08000c08                PVD_PVM_IRQHandler
                0x08000c08                SPI2_IRQHandler
                0x08000c08                DMA2_Channel5_IRQHandler
                0x08000c08                CRS_IRQHandler
                0x08000c08                DMA1_Channel5_IRQHandler
                0x08000c08                USB_LP_IRQHandler
                0x08000c08                EXTI4_IRQHandler
                0x08000c08                RNG_IRQHandler
                0x08000c08                TIM1_TRG_COM_TIM17_IRQHandler
                0x08000c08                TAMP_STAMP_LSECSS_IRQHandler
                0x08000c08                DMA1_Channel3_IRQHandler
                0x08000c08                COMP_IRQHandler
                0x08000c08                HSEM_IRQHandler
                0x08000c08                WWDG_IRQHandler
                0x08000c08                LPUART1_IRQHandler
                0x08000c08                DMA2_Channel6_IRQHandler
                0x08000c08                TIM2_IRQHandler
                0x08000c08                TIM1_BRK_IRQHandler
                0x08000c08                EXTI1_IRQHandler
                0x08000c08                DMA1_Channel2_IRQHandler
                0x08000c08                FLASH_IRQHandler
                0x08000c08                USART1_IRQHandler
                0x08000c08                I2C1_ER_IRQHandler
                0x08000c08                LPTIM1_IRQHandler
                0x08000c08                SAI1_IRQHandler
                0x08000c08                DMA2_Channel3_IRQHandler
 *fill*         0x08000c0a        0x2 
 .text.HAL_Init
                0x08000c0c       0x40 ./Drivers/STM32WBxx_HAL_Driver/Src/stm32wbxx_hal.o
                0x08000c0c                HAL_Init
 .text.HAL_InitTick
                0x08000c4c       0x74 ./Drivers/STM32WBxx_HAL_Driver/Src/stm32wbxx_hal.o
                0x08000c4c                HAL_InitTick
 .text.HAL_IncTick
                0x08000cc0       0x28 ./Drivers/STM32WBxx_HAL_Driver/Src/stm32wbxx_hal.o
                0x08000cc0                HAL_IncTick
 .text.HAL_GetTick
                0x08000ce8       0x18 ./Drivers/STM32WBxx_HAL_Driver/Src/stm32wbxx_hal.o
                0x08000ce8                HAL_GetTick
 .text.HAL_GetTickPrio
                0x08000d00       0x18 ./Drivers/STM32WBxx_HAL_Driver/Src/stm32wbxx_hal.o
                0x08000d00                HAL_GetTickPrio
 .text.HAL_Delay
                0x08000d18       0x48 ./Drivers/STM32WBxx_HAL_Driver/Src/stm32wbxx_hal.o
                0x08000d18                HAL_Delay
 .text.__NVIC_SetPriorityGrouping
                0x08000d60       0x48 ./Drivers/STM32WBxx_HAL_Driver/Src/stm32wbxx_hal_cortex.o
 .text.__NVIC_GetPriorityGrouping
                0x08000da8       0x1c ./Drivers/STM32WBxx_HAL_Driver/Src/stm32wbxx_hal_cortex.o
 .text.__NVIC_SetPriority
                0x08000dc4       0x54 ./Drivers/STM32WBxx_HAL_Driver/Src/stm32wbxx_hal_cortex.o
 .text.NVIC_EncodePriority
                0x08000e18       0x66 ./Drivers/STM32WBxx_HAL_Driver/Src/stm32wbxx_hal_cortex.o
 *fill*         0x08000e7e        0x2 
 .text.SysTick_Config
                0x08000e80       0x44 ./Drivers/STM32WBxx_HAL_Driver/Src/stm32wbxx_hal_cortex.o
 .text.HAL_NVIC_SetPriorityGrouping
                0x08000ec4       0x16 ./Drivers/STM32WBxx_HAL_Driver/Src/stm32wbxx_hal_cortex.o
                0x08000ec4                HAL_NVIC_SetPriorityGrouping
 .text.HAL_NVIC_SetPriority
                0x08000eda       0x34 ./Drivers/STM32WBxx_HAL_Driver/Src/stm32wbxx_hal_cortex.o
                0x08000eda                HAL_NVIC_SetPriority
 .text.HAL_SYSTICK_Config
                0x08000f0e       0x18 ./Drivers/STM32WBxx_HAL_Driver/Src/stm32wbxx_hal_cortex.o
                0x08000f0e                HAL_SYSTICK_Config
 *fill*         0x08000f26        0x2 
 .text.HAL_GPIO_Init
                0x08000f28      0x2e0 ./Drivers/STM32WBxx_HAL_Driver/Src/stm32wbxx_hal_gpio.o
                0x08000f28                HAL_GPIO_Init
 .text.HAL_GPIO_WritePin
                0x08001208       0x30 ./Drivers/STM32WBxx_HAL_Driver/Src/stm32wbxx_hal_gpio.o
                0x08001208                HAL_GPIO_WritePin
 .text.HAL_PWR_EnableBkUpAccess
                0x08001238       0x20 ./Drivers/STM32WBxx_HAL_Driver/Src/stm32wbxx_hal_pwr.o
                0x08001238                HAL_PWR_EnableBkUpAccess
 .text.HAL_PWREx_GetVoltageRange
                0x08001258       0x1c ./Drivers/STM32WBxx_HAL_Driver/Src/stm32wbxx_hal_pwr_ex.o
                0x08001258                HAL_PWREx_GetVoltageRange
 .text.LL_RCC_HSE_IsEnabledDiv2
                0x08001274       0x24 ./Drivers/STM32WBxx_HAL_Driver/Src/stm32wbxx_hal_rcc.o
 .text.LL_RCC_HSE_Enable
                0x08001298       0x1e ./Drivers/STM32WBxx_HAL_Driver/Src/stm32wbxx_hal_rcc.o
 .text.LL_RCC_HSE_Disable
                0x080012b6       0x1e ./Drivers/STM32WBxx_HAL_Driver/Src/stm32wbxx_hal_rcc.o
 .text.LL_RCC_HSE_IsReady
                0x080012d4       0x24 ./Drivers/STM32WBxx_HAL_Driver/Src/stm32wbxx_hal_rcc.o
 .text.LL_RCC_HSI_Enable
                0x080012f8       0x1e ./Drivers/STM32WBxx_HAL_Driver/Src/stm32wbxx_hal_rcc.o
 .text.LL_RCC_HSI_Disable
                0x08001316       0x1e ./Drivers/STM32WBxx_HAL_Driver/Src/stm32wbxx_hal_rcc.o
 .text.LL_RCC_HSI_IsReady
                0x08001334       0x24 ./Drivers/STM32WBxx_HAL_Driver/Src/stm32wbxx_hal_rcc.o
 .text.LL_RCC_HSI_SetCalibTrimming
                0x08001358       0x2a ./Drivers/STM32WBxx_HAL_Driver/Src/stm32wbxx_hal_rcc.o
 .text.LL_RCC_HSI48_Enable
                0x08001382       0x22 ./Drivers/STM32WBxx_HAL_Driver/Src/stm32wbxx_hal_rcc.o
 .text.LL_RCC_HSI48_Disable
                0x080013a4       0x22 ./Drivers/STM32WBxx_HAL_Driver/Src/stm32wbxx_hal_rcc.o
 .text.LL_RCC_HSI48_IsReady
                0x080013c6       0x24 ./Drivers/STM32WBxx_HAL_Driver/Src/stm32wbxx_hal_rcc.o
 .text.LL_RCC_LSE_Enable
                0x080013ea       0x22 ./Drivers/STM32WBxx_HAL_Driver/Src/stm32wbxx_hal_rcc.o
 .text.LL_RCC_LSE_Disable
                0x0800140c       0x22 ./Drivers/STM32WBxx_HAL_Driver/Src/stm32wbxx_hal_rcc.o
 .text.LL_RCC_LSE_EnableBypass
                0x0800142e       0x22 ./Drivers/STM32WBxx_HAL_Driver/Src/stm32wbxx_hal_rcc.o
 .text.LL_RCC_LSE_DisableBypass
                0x08001450       0x22 ./Drivers/STM32WBxx_HAL_Driver/Src/stm32wbxx_hal_rcc.o
 .text.LL_RCC_LSE_IsReady
                0x08001472       0x24 ./Drivers/STM32WBxx_HAL_Driver/Src/stm32wbxx_hal_rcc.o
 .text.LL_RCC_LSI1_Enable
                0x08001496       0x22 ./Drivers/STM32WBxx_HAL_Driver/Src/stm32wbxx_hal_rcc.o
 .text.LL_RCC_LSI1_Disable
                0x080014b8       0x22 ./Drivers/STM32WBxx_HAL_Driver/Src/stm32wbxx_hal_rcc.o
 .text.LL_RCC_LSI1_IsReady
                0x080014da       0x24 ./Drivers/STM32WBxx_HAL_Driver/Src/stm32wbxx_hal_rcc.o
 .text.LL_RCC_LSI2_Enable
                0x080014fe       0x22 ./Drivers/STM32WBxx_HAL_Driver/Src/stm32wbxx_hal_rcc.o
 .text.LL_RCC_LSI2_Disable
                0x08001520       0x22 ./Drivers/STM32WBxx_HAL_Driver/Src/stm32wbxx_hal_rcc.o
 .text.LL_RCC_LSI2_IsReady
                0x08001542       0x24 ./Drivers/STM32WBxx_HAL_Driver/Src/stm32wbxx_hal_rcc.o
 .text.LL_RCC_LSI2_SetTrimming
                0x08001566       0x2e ./Drivers/STM32WBxx_HAL_Driver/Src/stm32wbxx_hal_rcc.o
 .text.LL_RCC_MSI_Enable
                0x08001594       0x1e ./Drivers/STM32WBxx_HAL_Driver/Src/stm32wbxx_hal_rcc.o
 .text.LL_RCC_MSI_Disable
                0x080015b2       0x1e ./Drivers/STM32WBxx_HAL_Driver/Src/stm32wbxx_hal_rcc.o
 .text.LL_RCC_MSI_IsReady
                0x080015d0       0x22 ./Drivers/STM32WBxx_HAL_Driver/Src/stm32wbxx_hal_rcc.o
 .text.LL_RCC_MSI_SetRange
                0x080015f2       0x28 ./Drivers/STM32WBxx_HAL_Driver/Src/stm32wbxx_hal_rcc.o
 .text.LL_RCC_MSI_GetRange
                0x0800161a       0x2a ./Drivers/STM32WBxx_HAL_Driver/Src/stm32wbxx_hal_rcc.o
 .text.LL_RCC_MSI_SetCalibTrimming
                0x08001644       0x2a ./Drivers/STM32WBxx_HAL_Driver/Src/stm32wbxx_hal_rcc.o
 .text.LL_RCC_SetSysClkSource
                0x0800166e       0x28 ./Drivers/STM32WBxx_HAL_Driver/Src/stm32wbxx_hal_rcc.o
 .text.LL_RCC_GetSysClkSource
                0x08001696       0x18 ./Drivers/STM32WBxx_HAL_Driver/Src/stm32wbxx_hal_rcc.o
 .text.LL_RCC_SetAHBPrescaler
                0x080016ae       0x28 ./Drivers/STM32WBxx_HAL_Driver/Src/stm32wbxx_hal_rcc.o
 .text.LL_C2_RCC_SetAHBPrescaler
                0x080016d6       0x2c ./Drivers/STM32WBxx_HAL_Driver/Src/stm32wbxx_hal_rcc.o
 .text.LL_RCC_SetAHB4Prescaler
                0x08001702       0x2e ./Drivers/STM32WBxx_HAL_Driver/Src/stm32wbxx_hal_rcc.o
 .text.LL_RCC_SetAPB1Prescaler
                0x08001730       0x28 ./Drivers/STM32WBxx_HAL_Driver/Src/stm32wbxx_hal_rcc.o
 .text.LL_RCC_SetAPB2Prescaler
                0x08001758       0x28 ./Drivers/STM32WBxx_HAL_Driver/Src/stm32wbxx_hal_rcc.o
 .text.LL_RCC_GetAHBPrescaler
                0x08001780       0x18 ./Drivers/STM32WBxx_HAL_Driver/Src/stm32wbxx_hal_rcc.o
 .text.LL_RCC_GetAHB4Prescaler
                0x08001798       0x1c ./Drivers/STM32WBxx_HAL_Driver/Src/stm32wbxx_hal_rcc.o
 .text.LL_RCC_GetAPB1Prescaler
                0x080017b4       0x18 ./Drivers/STM32WBxx_HAL_Driver/Src/stm32wbxx_hal_rcc.o
 .text.LL_RCC_GetAPB2Prescaler
                0x080017cc       0x18 ./Drivers/STM32WBxx_HAL_Driver/Src/stm32wbxx_hal_rcc.o
 .text.LL_RCC_PLL_Enable
                0x080017e4       0x1e ./Drivers/STM32WBxx_HAL_Driver/Src/stm32wbxx_hal_rcc.o
 .text.LL_RCC_PLL_Disable
                0x08001802       0x1e ./Drivers/STM32WBxx_HAL_Driver/Src/stm32wbxx_hal_rcc.o
 .text.LL_RCC_PLL_IsReady
                0x08001820       0x24 ./Drivers/STM32WBxx_HAL_Driver/Src/stm32wbxx_hal_rcc.o
 .text.LL_RCC_PLL_GetN
                0x08001844       0x1a ./Drivers/STM32WBxx_HAL_Driver/Src/stm32wbxx_hal_rcc.o
 .text.LL_RCC_PLL_GetR
                0x0800185e       0x18 ./Drivers/STM32WBxx_HAL_Driver/Src/stm32wbxx_hal_rcc.o
 .text.LL_RCC_PLL_GetDivider
                0x08001876       0x18 ./Drivers/STM32WBxx_HAL_Driver/Src/stm32wbxx_hal_rcc.o
 .text.LL_RCC_PLL_GetMainSource
                0x0800188e       0x18 ./Drivers/STM32WBxx_HAL_Driver/Src/stm32wbxx_hal_rcc.o
 .text.LL_RCC_IsActiveFlag_HPRE
                0x080018a6       0x24 ./Drivers/STM32WBxx_HAL_Driver/Src/stm32wbxx_hal_rcc.o
 .text.LL_RCC_IsActiveFlag_C2HPRE
                0x080018ca       0x26 ./Drivers/STM32WBxx_HAL_Driver/Src/stm32wbxx_hal_rcc.o
 .text.LL_RCC_IsActiveFlag_SHDHPRE
                0x080018f0       0x26 ./Drivers/STM32WBxx_HAL_Driver/Src/stm32wbxx_hal_rcc.o
 .text.LL_RCC_IsActiveFlag_PPRE1
                0x08001916       0x24 ./Drivers/STM32WBxx_HAL_Driver/Src/stm32wbxx_hal_rcc.o
 .text.LL_RCC_IsActiveFlag_PPRE2
                0x0800193a       0x24 ./Drivers/STM32WBxx_HAL_Driver/Src/stm32wbxx_hal_rcc.o
 *fill*         0x0800195e        0x2 
 .text.HAL_RCC_OscConfig
                0x08001960      0x6e8 ./Drivers/STM32WBxx_HAL_Driver/Src/stm32wbxx_hal_rcc.o
                0x08001960                HAL_RCC_OscConfig
 .text.HAL_RCC_ClockConfig
                0x08002048      0x280 ./Drivers/STM32WBxx_HAL_Driver/Src/stm32wbxx_hal_rcc.o
                0x08002048                HAL_RCC_ClockConfig
 .text.HAL_RCC_GetSysClockFreq
                0x080022c8       0xd8 ./Drivers/STM32WBxx_HAL_Driver/Src/stm32wbxx_hal_rcc.o
                0x080022c8                HAL_RCC_GetSysClockFreq
 .text.HAL_RCC_GetHCLKFreq
                0x080023a0       0x28 ./Drivers/STM32WBxx_HAL_Driver/Src/stm32wbxx_hal_rcc.o
                0x080023a0                HAL_RCC_GetHCLKFreq
 .text.HAL_RCC_GetPCLK1Freq
                0x080023c8       0x2c ./Drivers/STM32WBxx_HAL_Driver/Src/stm32wbxx_hal_rcc.o
                0x080023c8                HAL_RCC_GetPCLK1Freq
 .text.HAL_RCC_GetPCLK2Freq
                0x080023f4       0x2c ./Drivers/STM32WBxx_HAL_Driver/Src/stm32wbxx_hal_rcc.o
                0x080023f4                HAL_RCC_GetPCLK2Freq
 .text.RCC_SetFlashLatencyFromMSIRange
                0x08002420       0x70 ./Drivers/STM32WBxx_HAL_Driver/Src/stm32wbxx_hal_rcc.o
 .text.RCC_SetFlashLatency
                0x08002490       0xf8 ./Drivers/STM32WBxx_HAL_Driver/Src/stm32wbxx_hal_rcc.o
 .text.LL_RCC_LSE_IsEnabled
                0x08002588       0x24 ./Drivers/STM32WBxx_HAL_Driver/Src/stm32wbxx_hal_rcc_ex.o
 .text.LL_RCC_LSE_IsReady
                0x080025ac       0x24 ./Drivers/STM32WBxx_HAL_Driver/Src/stm32wbxx_hal_rcc_ex.o
 .text.LL_RCC_SetRFWKPClockSource
                0x080025d0       0x2c ./Drivers/STM32WBxx_HAL_Driver/Src/stm32wbxx_hal_rcc_ex.o
 .text.LL_RCC_SetSMPSClockSource
                0x080025fc       0x28 ./Drivers/STM32WBxx_HAL_Driver/Src/stm32wbxx_hal_rcc_ex.o
 .text.LL_RCC_SetSMPSPrescaler
                0x08002624       0x28 ./Drivers/STM32WBxx_HAL_Driver/Src/stm32wbxx_hal_rcc_ex.o
 .text.LL_RCC_SetUSARTClockSource
                0x0800264c       0x2c ./Drivers/STM32WBxx_HAL_Driver/Src/stm32wbxx_hal_rcc_ex.o
 .text.LL_RCC_SetLPUARTClockSource
                0x08002678       0x2c ./Drivers/STM32WBxx_HAL_Driver/Src/stm32wbxx_hal_rcc_ex.o
 .text.LL_RCC_SetI2CClockSource
                0x080026a4       0x3a ./Drivers/STM32WBxx_HAL_Driver/Src/stm32wbxx_hal_rcc_ex.o
 .text.LL_RCC_SetLPTIMClockSource
                0x080026de       0x34 ./Drivers/STM32WBxx_HAL_Driver/Src/stm32wbxx_hal_rcc_ex.o
 .text.LL_RCC_SetSAIClockSource
                0x08002712       0x2c ./Drivers/STM32WBxx_HAL_Driver/Src/stm32wbxx_hal_rcc_ex.o
 .text.LL_RCC_SetRNGClockSource
                0x0800273e       0x2c ./Drivers/STM32WBxx_HAL_Driver/Src/stm32wbxx_hal_rcc_ex.o
 .text.LL_RCC_SetCLK48ClockSource
                0x0800276a       0x2c ./Drivers/STM32WBxx_HAL_Driver/Src/stm32wbxx_hal_rcc_ex.o
 .text.LL_RCC_SetUSBClockSource
                0x08002796       0x16 ./Drivers/STM32WBxx_HAL_Driver/Src/stm32wbxx_hal_rcc_ex.o
 .text.LL_RCC_SetADCClockSource
                0x080027ac       0x2c ./Drivers/STM32WBxx_HAL_Driver/Src/stm32wbxx_hal_rcc_ex.o
 .text.LL_RCC_SetRTCClockSource
                0x080027d8       0x2c ./Drivers/STM32WBxx_HAL_Driver/Src/stm32wbxx_hal_rcc_ex.o
 .text.LL_RCC_GetRTCClockSource
                0x08002804       0x1a ./Drivers/STM32WBxx_HAL_Driver/Src/stm32wbxx_hal_rcc_ex.o
 .text.LL_RCC_ForceBackupDomainReset
                0x0800281e       0x22 ./Drivers/STM32WBxx_HAL_Driver/Src/stm32wbxx_hal_rcc_ex.o
 .text.LL_RCC_ReleaseBackupDomainReset
                0x08002840       0x22 ./Drivers/STM32WBxx_HAL_Driver/Src/stm32wbxx_hal_rcc_ex.o
 .text.LL_RCC_PLLSAI1_Enable
                0x08002862       0x1e ./Drivers/STM32WBxx_HAL_Driver/Src/stm32wbxx_hal_rcc_ex.o
 .text.LL_RCC_PLLSAI1_Disable
                0x08002880       0x1e ./Drivers/STM32WBxx_HAL_Driver/Src/stm32wbxx_hal_rcc_ex.o
 .text.LL_RCC_PLLSAI1_IsReady
                0x0800289e       0x24 ./Drivers/STM32WBxx_HAL_Driver/Src/stm32wbxx_hal_rcc_ex.o
 .text.HAL_RCCEx_PeriphCLKConfig
                0x080028c2      0x2ec ./Drivers/STM32WBxx_HAL_Driver/Src/stm32wbxx_hal_rcc_ex.o
                0x080028c2                HAL_RCCEx_PeriphCLKConfig
 .text.RCCEx_PLLSAI1_ConfigNP
                0x08002bae       0xb6 ./Drivers/STM32WBxx_HAL_Driver/Src/stm32wbxx_hal_rcc_ex.o
 .text.RCCEx_PLLSAI1_ConfigNQ
                0x08002c64       0xb6 ./Drivers/STM32WBxx_HAL_Driver/Src/stm32wbxx_hal_rcc_ex.o
 .text.RCCEx_PLLSAI1_ConfigNR
                0x08002d1a       0xb6 ./Drivers/STM32WBxx_HAL_Driver/Src/stm32wbxx_hal_rcc_ex.o
 .text.HAL_SPI_Init
                0x08002dd0      0x146 ./Drivers/STM32WBxx_HAL_Driver/Src/stm32wbxx_hal_spi.o
                0x08002dd0                HAL_SPI_Init
 .text.HAL_SPI_Transmit
                0x08002f16      0x2ec ./Drivers/STM32WBxx_HAL_Driver/Src/stm32wbxx_hal_spi.o
                0x08002f16                HAL_SPI_Transmit
 *fill*         0x08003202        0x2 
 .text.SPI_WaitFlagStateUntilTimeout
                0x08003204      0x110 ./Drivers/STM32WBxx_HAL_Driver/Src/stm32wbxx_hal_spi.o
 .text.SPI_WaitFifoStateUntilTimeout
                0x08003314      0x12c ./Drivers/STM32WBxx_HAL_Driver/Src/stm32wbxx_hal_spi.o
 .text.SPI_EndRxTxTransaction
                0x08003440       0x8c ./Drivers/STM32WBxx_HAL_Driver/Src/stm32wbxx_hal_spi.o
 .text.LL_RCC_GetUSARTClockSource
                0x080034cc       0x20 ./Drivers/STM32WBxx_HAL_Driver/Src/stm32wbxx_hal_uart.o
 .text.LL_RCC_GetLPUARTClockSource
                0x080034ec       0x20 ./Drivers/STM32WBxx_HAL_Driver/Src/stm32wbxx_hal_uart.o
 .text.HAL_UART_Init
                0x0800350c       0xa0 ./Drivers/STM32WBxx_HAL_Driver/Src/stm32wbxx_hal_uart.o
                0x0800350c                HAL_UART_Init
 .text.UART_SetConfig
                0x080035ac      0x450 ./Drivers/STM32WBxx_HAL_Driver/Src/stm32wbxx_hal_uart.o
                0x080035ac                UART_SetConfig
 .text.UART_AdvFeatureConfig
                0x080039fc      0x144 ./Drivers/STM32WBxx_HAL_Driver/Src/stm32wbxx_hal_uart.o
                0x080039fc                UART_AdvFeatureConfig
 .text.UART_CheckIdleState
                0x08003b40      0x154 ./Drivers/STM32WBxx_HAL_Driver/Src/stm32wbxx_hal_uart.o
                0x08003b40                UART_CheckIdleState
 .text.UART_WaitOnFlagUntilTimeout
                0x08003c94       0xda ./Drivers/STM32WBxx_HAL_Driver/Src/stm32wbxx_hal_uart.o
                0x08003c94                UART_WaitOnFlagUntilTimeout
 .text.UART_EndRxTransfer
                0x08003d6e       0xcc ./Drivers/STM32WBxx_HAL_Driver/Src/stm32wbxx_hal_uart.o
 .text.HAL_UARTEx_DisableFifoMode
                0x08003e3a       0x72 ./Drivers/STM32WBxx_HAL_Driver/Src/stm32wbxx_hal_uart_ex.o
                0x08003e3a                HAL_UARTEx_DisableFifoMode
 .text.HAL_UARTEx_SetTxFifoThreshold
                0x08003eac       0x7c ./Drivers/STM32WBxx_HAL_Driver/Src/stm32wbxx_hal_uart_ex.o
                0x08003eac                HAL_UARTEx_SetTxFifoThreshold
 .text.HAL_UARTEx_SetRxFifoThreshold
                0x08003f28       0x7c ./Drivers/STM32WBxx_HAL_Driver/Src/stm32wbxx_hal_uart_ex.o
                0x08003f28                HAL_UARTEx_SetRxFifoThreshold
 .text.UARTEx_SetNbDataToProcess
                0x08003fa4       0x9c ./Drivers/STM32WBxx_HAL_Driver/Src/stm32wbxx_hal_uart_ex.o
 .text.memset   0x08004040       0x10 C:/ST/STM32CubeIDE_1.16.1/STM32CubeIDE/plugins/com.st.stm32cube.ide.mcu.externaltools.gnu-tools-for-stm32.13.3.rel1.win32_1.0.0.202411081344/tools/bin/../lib/gcc/arm-none-eabi/13.3.1/../../../../arm-none-eabi/lib/thumb/v7e-m+fp/hard\libc_nano.a(libc_a-memset.o)
                0x08004040                memset
 .text.__libc_init_array
                0x08004050       0x48 C:/ST/STM32CubeIDE_1.16.1/STM32CubeIDE/plugins/com.st.stm32cube.ide.mcu.externaltools.gnu-tools-for-stm32.13.3.rel1.win32_1.0.0.202411081344/tools/bin/../lib/gcc/arm-none-eabi/13.3.1/../../../../arm-none-eabi/lib/thumb/v7e-m+fp/hard\libc_nano.a(libc_a-init.o)
                0x08004050                __libc_init_array
 *(.glue_7)
 .glue_7        0x08004098        0x0 linker stubs
 *(.glue_7t)
 .glue_7t       0x08004098        0x0 linker stubs
 *(.eh_frame)
 .eh_frame      0x08004098        0x0 C:/ST/STM32CubeIDE_1.16.1/STM32CubeIDE/plugins/com.st.stm32cube.ide.mcu.externaltools.gnu-tools-for-stm32.13.3.rel1.win32_1.0.0.202411081344/tools/bin/../lib/gcc/arm-none-eabi/13.3.1/thumb/v7e-m+fp/hard/crtbegin.o
 *(.init)
 .init          0x08004098        0x4 C:/ST/STM32CubeIDE_1.16.1/STM32CubeIDE/plugins/com.st.stm32cube.ide.mcu.externaltools.gnu-tools-for-stm32.13.3.rel1.win32_1.0.0.202411081344/tools/bin/../lib/gcc/arm-none-eabi/13.3.1/thumb/v7e-m+fp/hard/crti.o
                0x08004098                _init
 .init          0x0800409c        0x8 C:/ST/STM32CubeIDE_1.16.1/STM32CubeIDE/plugins/com.st.stm32cube.ide.mcu.externaltools.gnu-tools-for-stm32.13.3.rel1.win32_1.0.0.202411081344/tools/bin/../lib/gcc/arm-none-eabi/13.3.1/thumb/v7e-m+fp/hard/crtn.o
 *(.fini)
 .fini          0x080040a4        0x4 C:/ST/STM32CubeIDE_1.16.1/STM32CubeIDE/plugins/com.st.stm32cube.ide.mcu.externaltools.gnu-tools-for-stm32.13.3.rel1.win32_1.0.0.202411081344/tools/bin/../lib/gcc/arm-none-eabi/13.3.1/thumb/v7e-m+fp/hard/crti.o
                0x080040a4                _fini
 .fini          0x080040a8        0x8 C:/ST/STM32CubeIDE_1.16.1/STM32CubeIDE/plugins/com.st.stm32cube.ide.mcu.externaltools.gnu-tools-for-stm32.13.3.rel1.win32_1.0.0.202411081344/tools/bin/../lib/gcc/arm-none-eabi/13.3.1/thumb/v7e-m+fp/hard/crtn.o
                0x080040b0                        . = ALIGN (0x4)
                0x080040b0                        _etext = .

.vfp11_veneer   0x080040b0        0x0
 .vfp11_veneer  0x080040b0        0x0 linker stubs

.v4_bx          0x080040b0        0x0
 .v4_bx         0x080040b0        0x0 linker stubs

.iplt           0x080040b0        0x0
 .iplt          0x080040b0        0x0 C:/ST/STM32CubeIDE_1.16.1/STM32CubeIDE/plugins/com.st.stm32cube.ide.mcu.externaltools.gnu-tools-for-stm32.13.3.rel1.win32_1.0.0.202411081344/tools/bin/../lib/gcc/arm-none-eabi/13.3.1/thumb/v7e-m+fp/hard/crtbegin.o

.rodata         0x080040b0       0xf4
                0x080040b0                        . = ALIGN (0x4)
 *(.rodata)
 .rodata        0x080040b0       0x2c ./Drivers/STM32WBxx_HAL_Driver/Src/stm32wbxx_hal_rcc.o
 *(.rodata*)
 .rodata.AHBPrescTable
                0x080040dc       0x40 ./Core/Src/system_stm32wbxx.o
                0x080040dc                AHBPrescTable
 .rodata.APBPrescTable
                0x0800411c       0x20 ./Core/Src/system_stm32wbxx.o
                0x0800411c                APBPrescTable
 .rodata.MSIRangeTable
                0x0800413c       0x40 ./Core/Src/system_stm32wbxx.o
                0x0800413c                MSIRangeTable
 .rodata.UARTPrescTable
                0x0800417c       0x18 ./Drivers/STM32WBxx_HAL_Driver/Src/stm32wbxx_hal_uart.o
                0x0800417c                UARTPrescTable
 .rodata.numerator.1
                0x08004194        0x8 ./Drivers/STM32WBxx_HAL_Driver/Src/stm32wbxx_hal_uart_ex.o
 .rodata.denominator.0
                0x0800419c        0x8 ./Drivers/STM32WBxx_HAL_Driver/Src/stm32wbxx_hal_uart_ex.o
                0x080041a4                        . = ALIGN (0x4)

.ARM.extab
 *(.ARM.extab* .gnu.linkonce.armextab.*)

.ARM            0x080041a4        0x8
                0x080041a4                        __exidx_start = .
 *(.ARM.exidx*)
 .ARM.exidx     0x080041a4        0x8 C:/ST/STM32CubeIDE_1.16.1/STM32CubeIDE/plugins/com.st.stm32cube.ide.mcu.externaltools.gnu-tools-for-stm32.13.3.rel1.win32_1.0.0.202411081344/tools/bin/../lib/gcc/arm-none-eabi/13.3.1/thumb/v7e-m+fp/hard\libgcc.a(_udivmoddi4.o)
                0x080041ac                        __exidx_end = .

.preinit_array  0x080041ac        0x0
                0x080041ac                        PROVIDE (__preinit_array_start = .)
 *(.preinit_array*)
                0x080041ac                        PROVIDE (__preinit_array_end = .)

.init_array     0x080041ac        0x4
                0x080041ac                        PROVIDE (__init_array_start = .)
 *(SORT_BY_NAME(.init_array.*))
 *(.init_array*)
 .init_array    0x080041ac        0x4 C:/ST/STM32CubeIDE_1.16.1/STM32CubeIDE/plugins/com.st.stm32cube.ide.mcu.externaltools.gnu-tools-for-stm32.13.3.rel1.win32_1.0.0.202411081344/tools/bin/../lib/gcc/arm-none-eabi/13.3.1/thumb/v7e-m+fp/hard/crtbegin.o
                0x080041b0                        PROVIDE (__init_array_end = .)

.fini_array     0x080041b0        0x4
                [!provide]                        PROVIDE (__fini_array_start = .)
 *(SORT_BY_NAME(.fini_array.*))
 *(.fini_array*)
 .fini_array    0x080041b0        0x4 C:/ST/STM32CubeIDE_1.16.1/STM32CubeIDE/plugins/com.st.stm32cube.ide.mcu.externaltools.gnu-tools-for-stm32.13.3.rel1.win32_1.0.0.202411081344/tools/bin/../lib/gcc/arm-none-eabi/13.3.1/thumb/v7e-m+fp/hard/crtbegin.o
                [!provide]                        PROVIDE (__fini_array_end = .)
                0x080041b4                        _sidata = LOADADDR (.data)

.rel.dyn        0x080041b4        0x0
 .rel.iplt      0x080041b4        0x0 C:/ST/STM32CubeIDE_1.16.1/STM32CubeIDE/plugins/com.st.stm32cube.ide.mcu.externaltools.gnu-tools-for-stm32.13.3.rel1.win32_1.0.0.202411081344/tools/bin/../lib/gcc/arm-none-eabi/13.3.1/thumb/v7e-m+fp/hard/crtbegin.o

.data           0x20000008        0xc load address 0x080041b4
                0x20000008                        . = ALIGN (0x4)
                0x20000008                        _sdata = .
 *(.data)
 *(.data*)
 .data.SystemCoreClock
                0x20000008        0x4 ./Core/Src/system_stm32wbxx.o
                0x20000008                SystemCoreClock
 .data.uwTickPrio
                0x2000000c        0x4 ./Drivers/STM32WBxx_HAL_Driver/Src/stm32wbxx_hal.o
                0x2000000c                uwTickPrio
 .data.uwTickFreq
                0x20000010        0x1 ./Drivers/STM32WBxx_HAL_Driver/Src/stm32wbxx_hal.o
                0x20000010                uwTickFreq
 *(.RamFunc)
 *(.RamFunc*)
                0x20000014                        . = ALIGN (0x4)
 *fill*         0x20000011        0x3 
                0x20000014                        _edata = .

.igot.plt       0x20000014        0x0 load address 0x080041c0
 .igot.plt      0x20000014        0x0 C:/ST/STM32CubeIDE_1.16.1/STM32CubeIDE/plugins/com.st.stm32cube.ide.mcu.externaltools.gnu-tools-for-stm32.13.3.rel1.win32_1.0.0.202411081344/tools/bin/../lib/gcc/arm-none-eabi/13.3.1/thumb/v7e-m+fp/hard/crtbegin.o
                0x20000014                        . = ALIGN (0x4)

.bss            0x20000014      0x124 load address 0x080041c0
                0x20000014                        _sbss = .
                0x20000014                        __bss_start__ = _sbss
 *(.bss)
 .bss           0x20000014       0x1c C:/ST/STM32CubeIDE_1.16.1/STM32CubeIDE/plugins/com.st.stm32cube.ide.mcu.externaltools.gnu-tools-for-stm32.13.3.rel1.win32_1.0.0.202411081344/tools/bin/../lib/gcc/arm-none-eabi/13.3.1/thumb/v7e-m+fp/hard/crtbegin.o
 *(.bss*)
 .bss.spi       0x20000030        0x4 ./Core/Src/PMW3610DM-SUDU.o
 .bss.cs_port   0x20000034        0x4 ./Core/Src/PMW3610DM-SUDU.o
 .bss.cs_pin    0x20000038        0x2 ./Core/Src/PMW3610DM-SUDU.o
 *fill*         0x2000003a        0x2 
 .bss.hspi1     0x2000003c       0x64 ./Core/Src/main.o
                0x2000003c                hspi1
 .bss.huart1    0x200000a0       0x94 ./Core/Src/main.o
                0x200000a0                huart1
 .bss.uwTick    0x20000134        0x4 ./Drivers/STM32WBxx_HAL_Driver/Src/stm32wbxx_hal.o
                0x20000134                uwTick
 *(COMMON)
                0x20000138                        . = ALIGN (0x4)
                0x20000138                        _ebss = .
                0x20000138                        __bss_end__ = _ebss

._user_heap_stack
                0x20000138      0x600 load address 0x080041c0
                0x20000138                        . = ALIGN (0x8)
                [!provide]                        PROVIDE (end = .)
                0x20000138                        PROVIDE (_end = .)
                0x20000338                        . = (. + _Min_Heap_Size)
 *fill*         0x20000138      0x200 
                0x20000738                        . = (. + _Min_Stack_Size)
 *fill*         0x20000338      0x400 
                0x20000738                        . = ALIGN (0x8)

/DISCARD/
 libc.a(*)
 libm.a(*)
 libgcc.a(*)

.ARM.attributes
                0x00000000       0x30
 *(.ARM.attributes)
 .ARM.attributes
                0x00000000       0x22 C:/ST/STM32CubeIDE_1.16.1/STM32CubeIDE/plugins/com.st.stm32cube.ide.mcu.externaltools.gnu-tools-for-stm32.13.3.rel1.win32_1.0.0.202411081344/tools/bin/../lib/gcc/arm-none-eabi/13.3.1/thumb/v7e-m+fp/hard/crti.o
 .ARM.attributes
                0x00000022       0x34 C:/ST/STM32CubeIDE_1.16.1/STM32CubeIDE/plugins/com.st.stm32cube.ide.mcu.externaltools.gnu-tools-for-stm32.13.3.rel1.win32_1.0.0.202411081344/tools/bin/../lib/gcc/arm-none-eabi/13.3.1/thumb/v7e-m+fp/hard/crtbegin.o
 .ARM.attributes
                0x00000056       0x34 ./Core/Src/PMW3610DM-SUDU.o
 .ARM.attributes
                0x0000008a       0x34 ./Core/Src/main.o
 .ARM.attributes
                0x000000be       0x34 ./Core/Src/stm32wbxx_hal_msp.o
 .ARM.attributes
                0x000000f2       0x34 ./Core/Src/stm32wbxx_it.o
 .ARM.attributes
                0x00000126       0x34 ./Core/Src/system_stm32wbxx.o
 .ARM.attributes
                0x0000015a       0x21 ./Core/Startup/startup_stm32wb55rgvx.o
 .ARM.attributes
                0x0000017b       0x34 ./Drivers/STM32WBxx_HAL_Driver/Src/stm32wbxx_hal.o
 .ARM.attributes
                0x000001af       0x34 ./Drivers/STM32WBxx_HAL_Driver/Src/stm32wbxx_hal_cortex.o
 .ARM.attributes
                0x000001e3       0x34 ./Drivers/STM32WBxx_HAL_Driver/Src/stm32wbxx_hal_gpio.o
 .ARM.attributes
                0x00000217       0x34 ./Drivers/STM32WBxx_HAL_Driver/Src/stm32wbxx_hal_pwr.o
 .ARM.attributes
                0x0000024b       0x34 ./Drivers/STM32WBxx_HAL_Driver/Src/stm32wbxx_hal_pwr_ex.o
 .ARM.attributes
                0x0000027f       0x34 ./Drivers/STM32WBxx_HAL_Driver/Src/stm32wbxx_hal_rcc.o
 .ARM.attributes
                0x000002b3       0x34 ./Drivers/STM32WBxx_HAL_Driver/Src/stm32wbxx_hal_rcc_ex.o
 .ARM.attributes
                0x000002e7       0x34 ./Drivers/STM32WBxx_HAL_Driver/Src/stm32wbxx_hal_spi.o
 .ARM.attributes
                0x0000031b       0x34 ./Drivers/STM32WBxx_HAL_Driver/Src/stm32wbxx_hal_uart.o
 .ARM.attributes
                0x0000034f       0x34 ./Drivers/STM32WBxx_HAL_Driver/Src/stm32wbxx_hal_uart_ex.o
 .ARM.attributes
                0x00000383       0x34 C:/ST/STM32CubeIDE_1.16.1/STM32CubeIDE/plugins/com.st.stm32cube.ide.mcu.externaltools.gnu-tools-for-stm32.13.3.rel1.win32_1.0.0.202411081344/tools/bin/../lib/gcc/arm-none-eabi/13.3.1/../../../../arm-none-eabi/lib/thumb/v7e-m+fp/hard\libc_nano.a(libc_a-memset.o)
 .ARM.attributes
                0x000003b7       0x34 C:/ST/STM32CubeIDE_1.16.1/STM32CubeIDE/plugins/com.st.stm32cube.ide.mcu.externaltools.gnu-tools-for-stm32.13.3.rel1.win32_1.0.0.202411081344/tools/bin/../lib/gcc/arm-none-eabi/13.3.1/../../../../arm-none-eabi/lib/thumb/v7e-m+fp/hard\libc_nano.a(libc_a-init.o)
 .ARM.attributes
                0x000003eb       0x22 C:/ST/STM32CubeIDE_1.16.1/STM32CubeIDE/plugins/com.st.stm32cube.ide.mcu.externaltools.gnu-tools-for-stm32.13.3.rel1.win32_1.0.0.202411081344/tools/bin/../lib/gcc/arm-none-eabi/13.3.1/thumb/v7e-m+fp/hard\libgcc.a(_aeabi_uldivmod.o)
 .ARM.attributes
                0x0000040d       0x34 C:/ST/STM32CubeIDE_1.16.1/STM32CubeIDE/plugins/com.st.stm32cube.ide.mcu.externaltools.gnu-tools-for-stm32.13.3.rel1.win32_1.0.0.202411081344/tools/bin/../lib/gcc/arm-none-eabi/13.3.1/thumb/v7e-m+fp/hard\libgcc.a(_udivmoddi4.o)
 .ARM.attributes
                0x00000441       0x22 C:/ST/STM32CubeIDE_1.16.1/STM32CubeIDE/plugins/com.st.stm32cube.ide.mcu.externaltools.gnu-tools-for-stm32.13.3.rel1.win32_1.0.0.202411081344/tools/bin/../lib/gcc/arm-none-eabi/13.3.1/thumb/v7e-m+fp/hard\libgcc.a(_dvmd_tls.o)
 .ARM.attributes
                0x00000463       0x22 C:/ST/STM32CubeIDE_1.16.1/STM32CubeIDE/plugins/com.st.stm32cube.ide.mcu.externaltools.gnu-tools-for-stm32.13.3.rel1.win32_1.0.0.202411081344/tools/bin/../lib/gcc/arm-none-eabi/13.3.1/thumb/v7e-m+fp/hard/crtn.o

MAPPING_TABLE
 *(MAPPING_TABLE)

MB_MEM1
 *(MB_MEM1)
                0x080041c0                        _siMB_MEM2 = LOADADDR (.MB_MEM2)

.MB_MEM2        0x20030000        0x0 load address 0x080041c0
                0x20030000                        _sMB_MEM2 = .
 *(MB_MEM2)
                0x20030000                        _eMB_MEM2 = .
OUTPUT(Optical mouse.elf elf32-littlearm)
LOAD linker stubs
LOAD C:/ST/STM32CubeIDE_1.16.1/STM32CubeIDE/plugins/com.st.stm32cube.ide.mcu.externaltools.gnu-tools-for-stm32.13.3.rel1.win32_1.0.0.202411081344/tools/bin/../lib/gcc/arm-none-eabi/13.3.1/../../../../arm-none-eabi/lib/thumb/v7e-m+fp/hard\libc.a
LOAD C:/ST/STM32CubeIDE_1.16.1/STM32CubeIDE/plugins/com.st.stm32cube.ide.mcu.externaltools.gnu-tools-for-stm32.13.3.rel1.win32_1.0.0.202411081344/tools/bin/../lib/gcc/arm-none-eabi/13.3.1/../../../../arm-none-eabi/lib/thumb/v7e-m+fp/hard\libm.a
LOAD C:/ST/STM32CubeIDE_1.16.1/STM32CubeIDE/plugins/com.st.stm32cube.ide.mcu.externaltools.gnu-tools-for-stm32.13.3.rel1.win32_1.0.0.202411081344/tools/bin/../lib/gcc/arm-none-eabi/13.3.1/thumb/v7e-m+fp/hard\libgcc.a

.debug_info     0x00000000    0x11c38
 .debug_info    0x00000000      0x9e4 ./Core/Src/PMW3610DM-SUDU.o
 .debug_info    0x000009e4     0x175a ./Core/Src/main.o
 .debug_info    0x0000213e     0x11ab ./Core/Src/stm32wbxx_hal_msp.o
 .debug_info    0x000032e9      0x113 ./Core/Src/stm32wbxx_it.o
 .debug_info    0x000033fc      0x703 ./Core/Src/system_stm32wbxx.o
 .debug_info    0x00003aff       0x30 ./Core/Startup/startup_stm32wb55rgvx.o
 .debug_info    0x00003b2f     0x12ae ./Drivers/STM32WBxx_HAL_Driver/Src/stm32wbxx_hal.o
 .debug_info    0x00004ddd      0xccd ./Drivers/STM32WBxx_HAL_Driver/Src/stm32wbxx_hal_cortex.o
 .debug_info    0x00005aaa      0x6aa ./Drivers/STM32WBxx_HAL_Driver/Src/stm32wbxx_hal_gpio.o
 .debug_info    0x00006154      0x904 ./Drivers/STM32WBxx_HAL_Driver/Src/stm32wbxx_hal_pwr.o
 .debug_info    0x00006a58     0x105d ./Drivers/STM32WBxx_HAL_Driver/Src/stm32wbxx_hal_pwr_ex.o
 .debug_info    0x00007ab5     0x14d1 ./Drivers/STM32WBxx_HAL_Driver/Src/stm32wbxx_hal_rcc.o
 .debug_info    0x00008f86     0x1c40 ./Drivers/STM32WBxx_HAL_Driver/Src/stm32wbxx_hal_rcc_ex.o
 .debug_info    0x0000abc6     0x1665 ./Drivers/STM32WBxx_HAL_Driver/Src/stm32wbxx_hal_spi.o
 .debug_info    0x0000c22b     0x4a2a ./Drivers/STM32WBxx_HAL_Driver/Src/stm32wbxx_hal_uart.o
 .debug_info    0x00010c55      0xfe3 ./Drivers/STM32WBxx_HAL_Driver/Src/stm32wbxx_hal_uart_ex.o

.debug_abbrev   0x00000000     0x2580
 .debug_abbrev  0x00000000      0x1ef ./Core/Src/PMW3610DM-SUDU.o
 .debug_abbrev  0x000001ef      0x31a ./Core/Src/main.o
 .debug_abbrev  0x00000509      0x237 ./Core/Src/stm32wbxx_hal_msp.o
 .debug_abbrev  0x00000740       0x73 ./Core/Src/stm32wbxx_it.o
 .debug_abbrev  0x000007b3      0x13b ./Core/Src/system_stm32wbxx.o
 .debug_abbrev  0x000008ee       0x24 ./Core/Startup/startup_stm32wb55rgvx.o
 .debug_abbrev  0x00000912      0x367 ./Drivers/STM32WBxx_HAL_Driver/Src/stm32wbxx_hal.o
 .debug_abbrev  0x00000c79      0x319 ./Drivers/STM32WBxx_HAL_Driver/Src/stm32wbxx_hal_cortex.o
 .debug_abbrev  0x00000f92      0x1e5 ./Drivers/STM32WBxx_HAL_Driver/Src/stm32wbxx_hal_gpio.o
 .debug_abbrev  0x00001177      0x205 ./Drivers/STM32WBxx_HAL_Driver/Src/stm32wbxx_hal_pwr.o
 .debug_abbrev  0x0000137c      0x31c ./Drivers/STM32WBxx_HAL_Driver/Src/stm32wbxx_hal_pwr_ex.o
 .debug_abbrev  0x00001698      0x31b ./Drivers/STM32WBxx_HAL_Driver/Src/stm32wbxx_hal_rcc.o
 .debug_abbrev  0x000019b3      0x35a ./Drivers/STM32WBxx_HAL_Driver/Src/stm32wbxx_hal_rcc_ex.o
 .debug_abbrev  0x00001d0d      0x25d ./Drivers/STM32WBxx_HAL_Driver/Src/stm32wbxx_hal_spi.o
 .debug_abbrev  0x00001f6a      0x343 ./Drivers/STM32WBxx_HAL_Driver/Src/stm32wbxx_hal_uart.o
 .debug_abbrev  0x000022ad      0x2d3 ./Drivers/STM32WBxx_HAL_Driver/Src/stm32wbxx_hal_uart_ex.o

.debug_aranges  0x00000000     0x13d8
 .debug_aranges
                0x00000000       0x48 ./Core/Src/PMW3610DM-SUDU.o
 .debug_aranges
                0x00000048       0x58 ./Core/Src/main.o
 .debug_aranges
                0x000000a0       0x58 ./Core/Src/stm32wbxx_hal_msp.o
 .debug_aranges
                0x000000f8       0x60 ./Core/Src/stm32wbxx_it.o
 .debug_aranges
                0x00000158       0x28 ./Core/Src/system_stm32wbxx.o
 .debug_aranges
                0x00000180       0x30 ./Core/Startup/startup_stm32wb55rgvx.o
 .debug_aranges
                0x000001b0      0x280 ./Drivers/STM32WBxx_HAL_Driver/Src/stm32wbxx_hal.o
 .debug_aranges
                0x00000430      0x118 ./Drivers/STM32WBxx_HAL_Driver/Src/stm32wbxx_hal_cortex.o
 .debug_aranges
                0x00000548       0x60 ./Drivers/STM32WBxx_HAL_Driver/Src/stm32wbxx_hal_gpio.o
 .debug_aranges
                0x000005a8       0xd0 ./Drivers/STM32WBxx_HAL_Driver/Src/stm32wbxx_hal_pwr.o
 .debug_aranges
                0x00000678      0x288 ./Drivers/STM32WBxx_HAL_Driver/Src/stm32wbxx_hal_pwr_ex.o
 .debug_aranges
                0x00000900      0x270 ./Drivers/STM32WBxx_HAL_Driver/Src/stm32wbxx_hal_rcc.o
 .debug_aranges
                0x00000b70      0x390 ./Drivers/STM32WBxx_HAL_Driver/Src/stm32wbxx_hal_rcc_ex.o
 .debug_aranges
                0x00000f00      0x1d8 ./Drivers/STM32WBxx_HAL_Driver/Src/stm32wbxx_hal_spi.o
 .debug_aranges
                0x000010d8      0x258 ./Drivers/STM32WBxx_HAL_Driver/Src/stm32wbxx_hal_uart.o
 .debug_aranges
                0x00001330       0xa8 ./Drivers/STM32WBxx_HAL_Driver/Src/stm32wbxx_hal_uart_ex.o

.debug_rnglists
                0x00000000      0xf26
 .debug_rnglists
                0x00000000       0x32 ./Core/Src/PMW3610DM-SUDU.o
 .debug_rnglists
                0x00000032       0x41 ./Core/Src/main.o
 .debug_rnglists
                0x00000073       0x3e ./Core/Src/stm32wbxx_hal_msp.o
 .debug_rnglists
                0x000000b1       0x43 ./Core/Src/stm32wbxx_it.o
 .debug_rnglists
                0x000000f4       0x1b ./Core/Src/system_stm32wbxx.o
 .debug_rnglists
                0x0000010f       0x1f ./Core/Startup/startup_stm32wb55rgvx.o
 .debug_rnglists
                0x0000012e      0x1db ./Drivers/STM32WBxx_HAL_Driver/Src/stm32wbxx_hal.o
 .debug_rnglists
                0x00000309       0xce ./Drivers/STM32WBxx_HAL_Driver/Src/stm32wbxx_hal_cortex.o
 .debug_rnglists
                0x000003d7       0x45 ./Drivers/STM32WBxx_HAL_Driver/Src/stm32wbxx_hal_gpio.o
 .debug_rnglists
                0x0000041c       0x99 ./Drivers/STM32WBxx_HAL_Driver/Src/stm32wbxx_hal_pwr.o
 .debug_rnglists
                0x000004b5      0x1e8 ./Drivers/STM32WBxx_HAL_Driver/Src/stm32wbxx_hal_pwr_ex.o
 .debug_rnglists
                0x0000069d      0x1d6 ./Drivers/STM32WBxx_HAL_Driver/Src/stm32wbxx_hal_rcc.o
 .debug_rnglists
                0x00000873      0x2b6 ./Drivers/STM32WBxx_HAL_Driver/Src/stm32wbxx_hal_rcc_ex.o
 .debug_rnglists
                0x00000b29      0x178 ./Drivers/STM32WBxx_HAL_Driver/Src/stm32wbxx_hal_spi.o
 .debug_rnglists
                0x00000ca1      0x206 ./Drivers/STM32WBxx_HAL_Driver/Src/stm32wbxx_hal_uart.o
 .debug_rnglists
                0x00000ea7       0x7f ./Drivers/STM32WBxx_HAL_Driver/Src/stm32wbxx_hal_uart_ex.o

.debug_macro    0x00000000    0x21b78
 .debug_macro   0x00000000      0x232 ./Core/Src/PMW3610DM-SUDU.o
 .debug_macro   0x00000232      0xad8 ./Core/Src/PMW3610DM-SUDU.o
 .debug_macro   0x00000d0a      0x130 ./Core/Src/PMW3610DM-SUDU.o
 .debug_macro   0x00000e3a       0x2e ./Core/Src/PMW3610DM-SUDU.o
 .debug_macro   0x00000e68       0x2e ./Core/Src/PMW3610DM-SUDU.o
 .debug_macro   0x00000e96       0x22 ./Core/Src/PMW3610DM-SUDU.o
 .debug_macro   0x00000eb8       0x8e ./Core/Src/PMW3610DM-SUDU.o
 .debug_macro   0x00000f46       0x51 ./Core/Src/PMW3610DM-SUDU.o
 .debug_macro   0x00000f97      0x103 ./Core/Src/PMW3610DM-SUDU.o
 .debug_macro   0x0000109a       0x6a ./Core/Src/PMW3610DM-SUDU.o
 .debug_macro   0x00001104      0x1df ./Core/Src/PMW3610DM-SUDU.o
 .debug_macro   0x000012e3       0x1c ./Core/Src/PMW3610DM-SUDU.o
 .debug_macro   0x000012ff       0x22 ./Core/Src/PMW3610DM-SUDU.o
 .debug_macro   0x00001321       0xfb ./Core/Src/PMW3610DM-SUDU.o
 .debug_macro   0x0000141c     0x1011 ./Core/Src/PMW3610DM-SUDU.o
 .debug_macro   0x0000242d      0x11f ./Core/Src/PMW3610DM-SUDU.o
 .debug_macro   0x0000254c    0x12adb ./Core/Src/PMW3610DM-SUDU.o
 .debug_macro   0x00015027       0x6c ./Core/Src/PMW3610DM-SUDU.o
 .debug_macro   0x00015093     0x350b ./Core/Src/PMW3610DM-SUDU.o
 .debug_macro   0x0001859e      0x190 ./Core/Src/PMW3610DM-SUDU.o
 .debug_macro   0x0001872e       0x5c ./Core/Src/PMW3610DM-SUDU.o
 .debug_macro   0x0001878a      0x3f5 ./Core/Src/PMW3610DM-SUDU.o
 .debug_macro   0x00018b7f      0x286 ./Core/Src/PMW3610DM-SUDU.o
 .debug_macro   0x00018e05      0x30d ./Core/Src/PMW3610DM-SUDU.o
 .debug_macro   0x00019112      0x17e ./Core/Src/PMW3610DM-SUDU.o
 .debug_macro   0x00019290       0x43 ./Core/Src/PMW3610DM-SUDU.o
 .debug_macro   0x000192d3      0x236 ./Core/Src/PMW3610DM-SUDU.o
 .debug_macro   0x00019509      0x24a ./Core/Src/PMW3610DM-SUDU.o
 .debug_macro   0x00019753      0x57b ./Core/Src/PMW3610DM-SUDU.o
 .debug_macro   0x00019cce       0x2e ./Core/Src/PMW3610DM-SUDU.o
 .debug_macro   0x00019cfc      0x100 ./Core/Src/PMW3610DM-SUDU.o
 .debug_macro   0x00019dfc      0x1ba ./Core/Src/PMW3610DM-SUDU.o
 .debug_macro   0x00019fb6      0x1cd ./Core/Src/PMW3610DM-SUDU.o
 .debug_macro   0x0001a183      0x381 ./Core/Src/PMW3610DM-SUDU.o
 .debug_macro   0x0001a504      0x13d ./Core/Src/PMW3610DM-SUDU.o
 .debug_macro   0x0001a641      0x141 ./Core/Src/PMW3610DM-SUDU.o
 .debug_macro   0x0001a782      0x4ff ./Core/Src/PMW3610DM-SUDU.o
 .debug_macro   0x0001ac81      0x874 ./Core/Src/PMW3610DM-SUDU.o
 .debug_macro   0x0001b4f5      0x259 ./Core/Src/PMW3610DM-SUDU.o
 .debug_macro   0x0001b74e     0x1bb1 ./Core/Src/PMW3610DM-SUDU.o
 .debug_macro   0x0001d2ff       0xe4 ./Core/Src/PMW3610DM-SUDU.o
 .debug_macro   0x0001d3e3      0x5e7 ./Core/Src/PMW3610DM-SUDU.o
 .debug_macro   0x0001d9ca      0x2fe ./Core/Src/PMW3610DM-SUDU.o
 .debug_macro   0x0001dcc8      0x693 ./Core/Src/PMW3610DM-SUDU.o
 .debug_macro   0x0001e35b       0xa6 ./Core/Src/PMW3610DM-SUDU.o
 .debug_macro   0x0001e401      0x557 ./Core/Src/PMW3610DM-SUDU.o
 .debug_macro   0x0001e958      0x433 ./Core/Src/PMW3610DM-SUDU.o
 .debug_macro   0x0001ed8b       0x5e ./Core/Src/PMW3610DM-SUDU.o
 .debug_macro   0x0001ede9      0x35f ./Core/Src/main.o
 .debug_macro   0x0001f148       0xc4 ./Core/Src/main.o
 .debug_macro   0x0001f20c       0x61 ./Core/Src/main.o
 .debug_macro   0x0001f26d       0x2a ./Core/Src/main.o
 .debug_macro   0x0001f297       0x43 ./Core/Src/main.o
 .debug_macro   0x0001f2da       0x34 ./Core/Src/main.o
 .debug_macro   0x0001f30e       0x16 ./Core/Src/main.o
 .debug_macro   0x0001f324       0x3c ./Core/Src/main.o
 .debug_macro   0x0001f360      0x370 ./Core/Src/main.o
 .debug_macro   0x0001f6d0       0x10 ./Core/Src/main.o
 .debug_macro   0x0001f6e0       0x16 ./Core/Src/main.o
 .debug_macro   0x0001f6f6       0x4a ./Core/Src/main.o
 .debug_macro   0x0001f740       0x34 ./Core/Src/main.o
 .debug_macro   0x0001f774       0x10 ./Core/Src/main.o
 .debug_macro   0x0001f784       0x58 ./Core/Src/main.o
 .debug_macro   0x0001f7dc       0x8e ./Core/Src/main.o
 .debug_macro   0x0001f86a       0x1c ./Core/Src/main.o
 .debug_macro   0x0001f886      0x185 ./Core/Src/main.o
 .debug_macro   0x0001fa0b       0x16 ./Core/Src/main.o
 .debug_macro   0x0001fa21       0x16 ./Core/Src/main.o
 .debug_macro   0x0001fa37      0x146 ./Core/Src/main.o
 .debug_macro   0x0001fb7d       0x16 ./Core/Src/main.o
 .debug_macro   0x0001fb93       0x20 ./Core/Src/main.o
 .debug_macro   0x0001fbb3       0x22 ./Core/Src/main.o
 .debug_macro   0x0001fbd5      0x19b ./Core/Src/main.o
 .debug_macro   0x0001fd70       0x64 ./Core/Src/main.o
 .debug_macro   0x0001fdd4      0x232 ./Core/Src/stm32wbxx_hal_msp.o
 .debug_macro   0x00020006      0x23c ./Core/Src/stm32wbxx_it.o
 .debug_macro   0x00020242      0x223 ./Core/Src/system_stm32wbxx.o
 .debug_macro   0x00020465      0x247 ./Drivers/STM32WBxx_HAL_Driver/Src/stm32wbxx_hal.o
 .debug_macro   0x000206ac      0x223 ./Drivers/STM32WBxx_HAL_Driver/Src/stm32wbxx_hal_cortex.o
 .debug_macro   0x000208cf      0x22a ./Drivers/STM32WBxx_HAL_Driver/Src/stm32wbxx_hal_gpio.o
 .debug_macro   0x00020af9      0x295 ./Drivers/STM32WBxx_HAL_Driver/Src/stm32wbxx_hal_pwr.o
 .debug_macro   0x00020d8e      0x235 ./Drivers/STM32WBxx_HAL_Driver/Src/stm32wbxx_hal_pwr_ex.o
 .debug_macro   0x00020fc3      0x295 ./Drivers/STM32WBxx_HAL_Driver/Src/stm32wbxx_hal_rcc.o
 .debug_macro   0x00021258      0x278 ./Drivers/STM32WBxx_HAL_Driver/Src/stm32wbxx_hal_rcc_ex.o
 .debug_macro   0x000214d0      0x22b ./Drivers/STM32WBxx_HAL_Driver/Src/stm32wbxx_hal_spi.o
 .debug_macro   0x000216fb      0x24e ./Drivers/STM32WBxx_HAL_Driver/Src/stm32wbxx_hal_uart.o
 .debug_macro   0x00021949      0x22f ./Drivers/STM32WBxx_HAL_Driver/Src/stm32wbxx_hal_uart_ex.o

.debug_line     0x00000000    0x114dd
 .debug_line    0x00000000      0x8f9 ./Core/Src/PMW3610DM-SUDU.o
 .debug_line    0x000008f9      0xba1 ./Core/Src/main.o
 .debug_line    0x0000149a      0x903 ./Core/Src/stm32wbxx_hal_msp.o
 .debug_line    0x00001d9d      0x8a6 ./Core/Src/stm32wbxx_it.o
 .debug_line    0x00002643      0x8aa ./Core/Src/system_stm32wbxx.o
 .debug_line    0x00002eed       0x83 ./Core/Startup/startup_stm32wb55rgvx.o
 .debug_line    0x00002f70     0x106d ./Drivers/STM32WBxx_HAL_Driver/Src/stm32wbxx_hal.o
 .debug_line    0x00003fdd      0xd57 ./Drivers/STM32WBxx_HAL_Driver/Src/stm32wbxx_hal_cortex.o
 .debug_line    0x00004d34      0xc1e ./Drivers/STM32WBxx_HAL_Driver/Src/stm32wbxx_hal_gpio.o
 .debug_line    0x00005952      0xa94 ./Drivers/STM32WBxx_HAL_Driver/Src/stm32wbxx_hal_pwr.o
 .debug_line    0x000063e6     0x1196 ./Drivers/STM32WBxx_HAL_Driver/Src/stm32wbxx_hal_pwr_ex.o
 .debug_line    0x0000757c     0x1b0b ./Drivers/STM32WBxx_HAL_Driver/Src/stm32wbxx_hal_rcc.o
 .debug_line    0x00009087     0x1fc7 ./Drivers/STM32WBxx_HAL_Driver/Src/stm32wbxx_hal_rcc_ex.o
 .debug_line    0x0000b04e     0x20dd ./Drivers/STM32WBxx_HAL_Driver/Src/stm32wbxx_hal_spi.o
 .debug_line    0x0000d12b     0x364d ./Drivers/STM32WBxx_HAL_Driver/Src/stm32wbxx_hal_uart.o
 .debug_line    0x00010778      0xd65 ./Drivers/STM32WBxx_HAL_Driver/Src/stm32wbxx_hal_uart_ex.o

.debug_str      0x00000000    0xd83db
 .debug_str     0x00000000    0xd83db ./Core/Src/PMW3610DM-SUDU.o
                              0xcf52d (size before relaxing)
 .debug_str     0x000d83db    0xd414c ./Core/Src/main.o
 .debug_str     0x000d83db    0xcfc60 ./Core/Src/stm32wbxx_hal_msp.o
 .debug_str     0x000d83db    0xcf0a4 ./Core/Src/stm32wbxx_it.o
 .debug_str     0x000d83db    0xcf04d ./Core/Src/system_stm32wbxx.o
 .debug_str     0x000d83db       0xcb ./Core/Startup/startup_stm32wb55rgvx.o
 .debug_str     0x000d83db    0xcff33 ./Drivers/STM32WBxx_HAL_Driver/Src/stm32wbxx_hal.o
 .debug_str     0x000d83db    0xcf6eb ./Drivers/STM32WBxx_HAL_Driver/Src/stm32wbxx_hal_cortex.o
 .debug_str     0x000d83db    0xcf027 ./Drivers/STM32WBxx_HAL_Driver/Src/stm32wbxx_hal_gpio.o
 .debug_str     0x000d83db    0xcf4bd ./Drivers/STM32WBxx_HAL_Driver/Src/stm32wbxx_hal_pwr.o
 .debug_str     0x000d83db    0xcf9be ./Drivers/STM32WBxx_HAL_Driver/Src/stm32wbxx_hal_pwr_ex.o
 .debug_str     0x000d83db    0xcfeab ./Drivers/STM32WBxx_HAL_Driver/Src/stm32wbxx_hal_rcc.o
 .debug_str     0x000d83db    0xd02d4 ./Drivers/STM32WBxx_HAL_Driver/Src/stm32wbxx_hal_rcc_ex.o
 .debug_str     0x000d83db    0xcf884 ./Drivers/STM32WBxx_HAL_Driver/Src/stm32wbxx_hal_spi.o
 .debug_str     0x000d83db    0xd002d ./Drivers/STM32WBxx_HAL_Driver/Src/stm32wbxx_hal_uart.o
 .debug_str     0x000d83db    0xcf719 ./Drivers/STM32WBxx_HAL_Driver/Src/stm32wbxx_hal_uart_ex.o

.comment        0x00000000       0x43
 .comment       0x00000000       0x43 ./Core/Src/PMW3610DM-SUDU.o
                                 0x44 (size before relaxing)
 .comment       0x00000043       0x44 ./Core/Src/main.o
 .comment       0x00000043       0x44 ./Core/Src/stm32wbxx_hal_msp.o
 .comment       0x00000043       0x44 ./Core/Src/stm32wbxx_it.o
 .comment       0x00000043       0x44 ./Core/Src/system_stm32wbxx.o
 .comment       0x00000043       0x44 ./Drivers/STM32WBxx_HAL_Driver/Src/stm32wbxx_hal.o
 .comment       0x00000043       0x44 ./Drivers/STM32WBxx_HAL_Driver/Src/stm32wbxx_hal_cortex.o
 .comment       0x00000043       0x44 ./Drivers/STM32WBxx_HAL_Driver/Src/stm32wbxx_hal_gpio.o
 .comment       0x00000043       0x44 ./Drivers/STM32WBxx_HAL_Driver/Src/stm32wbxx_hal_pwr.o
 .comment       0x00000043       0x44 ./Drivers/STM32WBxx_HAL_Driver/Src/stm32wbxx_hal_pwr_ex.o
 .comment       0x00000043       0x44 ./Drivers/STM32WBxx_HAL_Driver/Src/stm32wbxx_hal_rcc.o
 .comment       0x00000043       0x44 ./Drivers/STM32WBxx_HAL_Driver/Src/stm32wbxx_hal_rcc_ex.o
 .comment       0x00000043       0x44 ./Drivers/STM32WBxx_HAL_Driver/Src/stm32wbxx_hal_spi.o
 .comment       0x00000043       0x44 ./Drivers/STM32WBxx_HAL_Driver/Src/stm32wbxx_hal_uart.o
 .comment       0x00000043       0x44 ./Drivers/STM32WBxx_HAL_Driver/Src/stm32wbxx_hal_uart_ex.o

.debug_frame    0x00000000     0x52fc
 .debug_frame   0x00000000       0xd8 ./Core/Src/PMW3610DM-SUDU.o
 .debug_frame   0x000000d8      0x114 ./Core/Src/main.o
 .debug_frame   0x000001ec      0x138 ./Core/Src/stm32wbxx_hal_msp.o
 .debug_frame   0x00000324      0x104 ./Core/Src/stm32wbxx_it.o
 .debug_frame   0x00000428       0x58 ./Core/Src/system_stm32wbxx.o
 .debug_frame   0x00000480      0xa34 ./Drivers/STM32WBxx_HAL_Driver/Src/stm32wbxx_hal.o
 .debug_frame   0x00000eb4      0x49c ./Drivers/STM32WBxx_HAL_Driver/Src/stm32wbxx_hal_cortex.o
 .debug_frame   0x00001350      0x174 ./Drivers/STM32WBxx_HAL_Driver/Src/stm32wbxx_hal_gpio.o
 .debug_frame   0x000014c4      0x344 ./Drivers/STM32WBxx_HAL_Driver/Src/stm32wbxx_hal_pwr.o
 .debug_frame   0x00001808      0xb00 ./Drivers/STM32WBxx_HAL_Driver/Src/stm32wbxx_hal_pwr_ex.o
 .debug_frame   0x00002308      0xa0c ./Drivers/STM32WBxx_HAL_Driver/Src/stm32wbxx_hal_rcc.o
 .debug_frame   0x00002d14      0xf38 ./Drivers/STM32WBxx_HAL_Driver/Src/stm32wbxx_hal_rcc_ex.o
 .debug_frame   0x00003c4c      0x860 ./Drivers/STM32WBxx_HAL_Driver/Src/stm32wbxx_hal_spi.o
 .debug_frame   0x000044ac      0xae4 ./Drivers/STM32WBxx_HAL_Driver/Src/stm32wbxx_hal_uart.o
 .debug_frame   0x00004f90      0x2c0 ./Drivers/STM32WBxx_HAL_Driver/Src/stm32wbxx_hal_uart_ex.o
 .debug_frame   0x00005250       0x20 C:/ST/STM32CubeIDE_1.16.1/STM32CubeIDE/plugins/com.st.stm32cube.ide.mcu.externaltools.gnu-tools-for-stm32.13.3.rel1.win32_1.0.0.202411081344/tools/bin/../lib/gcc/arm-none-eabi/13.3.1/../../../../arm-none-eabi/lib/thumb/v7e-m+fp/hard\libc_nano.a(libc_a-memset.o)
 .debug_frame   0x00005270       0x2c C:/ST/STM32CubeIDE_1.16.1/STM32CubeIDE/plugins/com.st.stm32cube.ide.mcu.externaltools.gnu-tools-for-stm32.13.3.rel1.win32_1.0.0.202411081344/tools/bin/../lib/gcc/arm-none-eabi/13.3.1/../../../../arm-none-eabi/lib/thumb/v7e-m+fp/hard\libc_nano.a(libc_a-init.o)
 .debug_frame   0x0000529c       0x2c C:/ST/STM32CubeIDE_1.16.1/STM32CubeIDE/plugins/com.st.stm32cube.ide.mcu.externaltools.gnu-tools-for-stm32.13.3.rel1.win32_1.0.0.202411081344/tools/bin/../lib/gcc/arm-none-eabi/13.3.1/thumb/v7e-m+fp/hard\libgcc.a(_aeabi_uldivmod.o)
 .debug_frame   0x000052c8       0x34 C:/ST/STM32CubeIDE_1.16.1/STM32CubeIDE/plugins/com.st.stm32cube.ide.mcu.externaltools.gnu-tools-for-stm32.13.3.rel1.win32_1.0.0.202411081344/tools/bin/../lib/gcc/arm-none-eabi/13.3.1/thumb/v7e-m+fp/hard\libgcc.a(_udivmoddi4.o)

.debug_line_str
                0x00000000       0xaf
 .debug_line_str
                0x00000000       0xaf ./Core/Startup/startup_stm32wb55rgvx.o
