../Drivers/STM32WBxx_HAL_Driver/Inc/stm32wbxx_ll_bus.h:539:22:LL_AHB2_GRP1_EnableClock	24	static
../Core/Src/main.c:85:5:main	80	static
../Core/Src/main.c:256:6:SystemClock_Config	112	static
../Core/Src/main.c:304:6:PeriphCommonClock_Config	88	static
../Core/Src/main.c:328:13:MX_I2C1_Init	8	static
../Core/Src/main.c:376:13:MX_LPUART1_UART_Init	8	static
../Core/Src/main.c:424:13:MX_USART1_UART_Init	8	static
../Core/Src/main.c:472:13:MX_GPIO_Init	32	static
../Core/Src/main.c:526:6:Error_Handler	4	static,ignoring_inline_asm
